Token长度: 127
Total IDs: 456
Pre-loaded: 5
需要抓取: 456 部剧

  进度 20/456  ✅0  无数据20  ❌0  1.81/s
  进度 40/456  ✅2  无数据38  ❌0  1.81/s
  进度 60/456  ✅2  无数据58  ❌0  1.76/s
  进度 80/456  ✅2  无数据78  ❌0  1.73/s
  进度 100/456  ✅2  无数据98  ❌0  1.75/s
  进度 120/456  ✅3  无数据117  ❌0  1.79/s
  进度 140/456  ✅3  无数据137  ❌0  1.79/s
  进度 160/456  ✅3  无数据157  ❌0  1.81/s
  进度 180/456  ✅3  无数据177  ❌0  1.81/s
  进度 200/456  ✅3  无数据197  ❌0  1.81/s
  进度 220/456  ✅5  无数据215  ❌0  1.80/s
  进度 240/456  ✅5  无数据235  ❌0  1.80/s
  进度 260/456  ✅5  无数据255  ❌0  1.80/s
  进度 280/456  ✅5  无数据275  ❌0  1.79/s
  进度 300/456  ✅5  无数据295  ❌0  1.78/s
  进度 320/456  ✅5  无数据315  ❌0  1.77/s
  进度 340/456  ✅5  无数据335  ❌0  1.76/s
  进度 360/456  ✅5  无数据355  ❌0  1.76/s
  进度 380/456  ✅5  无数据375  ❌0  1.77/s
  进度 400/456  ✅5  无数据395  ❌0  1.76/s
  进度 420/456  ✅5  无数据415  ❌0  1.76/s
  进度 440/456  ✅5  无数据435  ❌0  1.76/s

=== 完成 ===
成功: 5
无数据: 451
失败: 0
输出: /Users/juzi/Library/Application Support/TRAE SOLO CN/ModularData/ai-agent/work-mode-projects/6a6b062e010fb77496d3e58c/data/audience-data.json
真实有受众画像数据: 5 / 5
